2026-10-06T10:00:00Z DEBUG cache hit key=session:120 ttl=57s
2026-10-06T10:02:00Z INFO health check ok node=28 latency=244ms
2026-10-06T10:04:00Z INFO job heartbeat worker=48 queue=230
2026-10-06T10:06:00Z DEBUG gc pause 234ms heap=171MB
2026-10-06T10:08:00Z INFO job heartbeat worker=38 queue=237
2026-10-06T10:10:00Z DEBUG cache hit key=session:7 ttl=250s
2026-10-06T10:12:00Z INFO mfa verify user=k.sato@corp-example.test method=totp
2026-10-06T10:14:00Z DEBUG gc pause 14ms heap=182MB
2026-10-06T10:16:00Z WARN totp verify failed skew=+94s window=30s
2026-10-06T10:18:00Z DEBUG gc pause 116ms heap=230MB
2026-10-06T10:20:00Z INFO health check ok node=188 latency=29ms
2026-10-06T10:22:00Z ERROR session store failover observed
2026-10-06T10:24:00Z DEBUG cache hit key=session:85 ttl=49s
2026-10-06T10:26:00Z INFO job heartbeat worker=192 queue=120
2026-10-06T10:28:00Z DEBUG gc pause 215ms heap=96MB
2026-10-06T10:30:00Z DEBUG cache hit key=session:28 ttl=1s
2026-10-06T10:32:00Z INFO request id=90 completed in 108ms status=200 from 10.0.245.227
2026-10-06T10:34:00Z INFO request id=144 completed in 247ms status=200 from 10.0.195.54
2026-10-06T10:36:00Z INFO mfa verify user=l.ruiz@corp-example.test method=totp skew=-71s window=30s failed
2026-10-06T10:38:00Z DEBUG gc pause 92ms heap=197MB
