2026-10-06T10:00:00Z DEBUG cache hit key=session:241 ttl=184s
2026-10-06T10:02:00Z INFO health check ok node=37 latency=65ms
2026-10-06T10:04:00Z DEBUG gc pause 57ms heap=192MB
2026-10-06T10:06:00Z DEBUG gc pause 227ms heap=125MB
2026-10-06T10:08:00Z INFO slack post channel=C04ALERTS attempt=1
2026-10-06T10:10:00Z DEBUG cache hit key=session:42 ttl=181s
2026-10-06T10:12:00Z ERROR sentry forwarder dropped 3 events
2026-10-06T10:14:00Z DEBUG gc pause 87ms heap=108MB
2026-10-06T10:16:00Z WARN slack api error=token_revoked team=T0123
2026-10-06T10:18:00Z INFO slack integration int_55 marked unhealthy
2026-10-06T10:20:00Z INFO health check ok node=24 latency=185ms
2026-10-06T10:22:00Z INFO health check ok node=142 latency=118ms
2026-10-06T10:24:00Z INFO request id=99 completed in 85ms status=200 from 10.0.133.160
2026-10-06T10:26:00Z INFO health check ok node=132 latency=246ms
2026-10-06T10:28:00Z DEBUG cache hit key=session:249 ttl=225s
2026-10-06T10:30:00Z INFO health check ok node=70 latency=11ms
2026-10-06T10:32:00Z DEBUG cache hit key=session:70 ttl=194s
2026-10-06T10:34:00Z DEBUG gc pause 218ms heap=234MB
2026-10-06T10:36:00Z INFO health check ok node=104 latency=39ms
2026-10-06T10:38:00Z INFO job heartbeat worker=147 queue=127
